src/components/common/Modal.tsx(4,1): error TS6133: 'cn' is declared but its value is never read.
src/components/dashboard/WelcomeBanner.tsx(2,1): error TS6133: 'cn' is declared but its value is never read.
